npm error code ENOENT
npm error syscall open
npm error path c:\Users\pedro.correa.lins\Souce\AppEvents\package.json
npm error errno -4058
npm error enoent Could not read package.json: Error: ENOENT: no such file or directory, open 'c:\Users\pedro.correa.lins\Souce\AppEvents\package.json'
npm error enoent This is related to npm not being able to find a file.
npm error enoent
npm error A complete log of this run can be found in: C:\Users\pedro.correa.lins\AppData\Local\npm-cache\_logs\2026-08-13T01_04_03_283Z-debug-0.log
